Fri Aug 26 2016 17:39:56 GMT-0400 (EDT)
Sat Dec 06 1975 00:00:00 GMT-0500 (EST)
getDate 6
getDay 6
getFullYear 1975
getHours 0
getMilliseconds 0
getMinutes 0
getMonth 11
getSeconds 0
getTime 187074000000
getTimezoneOffset 300
getUTCDate 6
getUTCDay 6
getUTCFullYear 1975
getUTCHours 5
getUTCMilliseconds 0
getUTCMinutes 0
getUTCMonth 11
getUTCSeconds 0
getYear 75
Wed Dec 24 1975 00:00:00 GMT-0500 (EST)
Fri Dec 24 1965 00:00:00 GMT-0500 (EST)
Fri Dec 24 1965 11:00:00 GMT-0500 (EST)
Fri Dec 24 1965 11:00:00 GMT-0500 (EST)
Fri Dec 24 1965 11:45:00 GMT-0500 (EST)
Wed Mar 24 1965 11:45:00 GMT-0400 (EDT)
Wed Mar 24 1965 11:45:32 GMT-0400 (EDT)
Wed Dec 31 1969 19:00:00 GMT-0500 (EST)
Fri Jan 23 1970 19:00:00 GMT-0500 (EST)
Sat Jan 23 1965 19:00:00 GMT-0500 (EST)
Sun Jan 24 1965 06:00:00 GMT-0500 (EST)
Sun Jan 24 1965 06:00:00 GMT-0500 (EST)
Sun Jan 24 1965 06:45:00 GMT-0500 (EST)
Wed Mar 24 1965 07:45:00 GMT-0400 (EDT)
Wed Mar 24 1965 07:45:32 GMT-0400 (EDT)
Fri Mar 24 1865 07:45:32 GMT-0400 (EDT)
toDateString Fri Mar 24 1865
toGMTString Fri, 24 Mar 1865 11:45:32 GMT
toISOString 1865-03-24T11:45:32.005Z
toJSON 1865-03-24T11:45:32.005Z
toLocalDateString 3/24/1865
toLocalFormat 3/24/1865, 6:49:30 AM
toLocalTimeString 6:49:30 AM
toString Fri Mar 24 1865 07:45:32 GMT-0400 (EDT)
toTimeString 07:45:32 GMT-0400 (EDT)
toUTCString Fri, 24 Mar 1865 11:45:32 GMT
valueOf -3306312867995
