[ 1, 2, 3 ]
[ 1, , 3 ]
{ a: 'one', b: 'two', c: 'three', d: 'four', e: 'five' }
{ b: 'two', c: 'three', d: 'four', e: 'five' }
{ c: 'three', d: 'four', e: 'five' }
Hello
Hello
[ [ 1, 2 ], [ 3, 4 ], [ 5, 6 ] ]
[ [ 1, 2 ], , [ 5, 6 ] ]
[ [ 1,  ], , [ 5, 6 ] ]
{ a: { a: 'one', b: 'two', c: 'three' }, b: { a: 'one', b: 'two', c: 'three' }, c: { a: 'one', b: 'two', c: 'three' }, d: { a: 'one', b: 'two', c: 'three' }, e: { a: 'one', b: 'two', c: 'three' } }
{ b: { a: 'one', b: 'two', c: 'three' }, c: { a: 'one', b: 'two', c: 'three' }, d: { a: 'one', b: 'two', c: 'three' }, e: { a: 'one', b: 'two', c: 'three' } }
{ c: { a: 'one', b: 'two', c: 'three' }, d: { a: 'one', b: 'two', c: 'three' }, e: { a: 'one', b: 'two', c: 'three' } }
{ c: { b: 'two', c: 'three' }, d: { a: 'one', b: 'two', c: 'three' }, e: { a: 'one', b: 'two', c: 'three' } }
{ c: { b: 'two', c: 'three' }, d: { a: 'one', c: 'three' }, e: { a: 'one', b: 'two', c: 'three' } }
