3
-1
2
0.5
1
-5
true
false
true
false
false
true
1a
