3.141592653589793
2.718281828459045
2.302585092994046
0.6931471805599453
1.4142135623730951
-1
1.2246063538223773e-16
-1.2246063538223773e-16
5.4
6
5
5
