3
-12
1000000
-83
255
255
-212855057
3.14
-1.414
0.3333333333
6.02e+23
1.4738223e-32
