{}
[ 'E',
  'LN10',
  'LN2',
  'LOG2E',
  'LOG10E',
  'PI',
  'SQRT1_2',
  'SQRT2',
  'random',
  'abs',
  'acos',
  'asin',
  'atan',
  'ceil',
  'cos',
  'exp',
  'floor',
  'log',
  'round',
  'sin',
  'sqrt',
  'tan',
  'atan2',
  'pow',
  'max',
  'min' ]
