true
false
true
True () || Run() true
false
run
False() || Run() true
true
run
True () && Run() true
false
False() && Run() false
