testing
3.14
name="myform"
Wouldn't you prefer O'Reilly's book?
ABC
DE	F
A'B"C!D
