undefined
undefined
undefined
undefined
2
undefined
